f:\files\github\formula-plus\src\debug\aboutwindow.obj
f:\files\github\formula-plus\src\debug\parserform.obj
f:\files\github\formula-plus\src\debug\familiarizationform.obj
f:\files\github\formula-plus\src\debug\main.obj
f:\files\github\formula-plus\src\debug\mainwindow.obj
f:\files\github\formula-plus\src\debug\calculateform.obj
f:\files\github\formula-plus\src\debug\errorform.obj
f:\files\github\formula-plus\src\debug\plottingform.obj
f:\files\github\formula-plus\src\debug\physicalcalculateform.obj
f:\files\github\formula-plus\src\debug\vc143.pdb
f:\files\github\formula-plus\src\debug\qrc_images.obj
f:\files\github\formula-plus\src\debug\qrc_qml.obj
f:\files\github\formula-plus\src\debug\moc_plottingform.obj
f:\files\github\formula-plus\src\debug\moc_aboutwindow.obj
f:\files\github\formula-plus\src\debug\moc_calculateform.obj
f:\files\github\formula-plus\src\debug\moc_mainwindow.obj
f:\files\github\formula-plus\src\debug\moc_familiarizationform.obj
f:\files\github\formula-plus\src\debug\moc_physicalcalculateform.obj
f:\files\github\formula-plus\src\debug\moc_parserform.obj
f:\files\github\formula-plus\src\debug\moc_errorform.obj
f:\files\github\formula-plus\src\debug\moc_predefs.h
f:\files\github\formula-plus\src\debug\qrc_images.cpp
f:\files\github\formula-plus\src\debug\qrc_qml.cpp
f:\files\github\formula-plus\src\debug\moc_aboutwindow.cpp
f:\files\github\formula-plus\src\debug\moc_calculateform.cpp
f:\files\github\formula-plus\src\debug\moc_errorform.cpp
f:\files\github\formula-plus\src\debug\moc_familiarizationform.cpp
f:\files\github\formula-plus\src\debug\moc_mainwindow.cpp
f:\files\github\formula-plus\src\debug\moc_parserform.cpp
f:\files\github\formula-plus\src\debug\moc_physicalcalculateform.cpp
f:\files\github\formula-plus\src\debug\moc_plottingform.cpp
f:\files\github\formula-plus\src\debug\formula-plus.exe
f:\files\github\formula-plus\src\debug\formula-plus.pdb
f:\files\github\formula-plus\src\debug\formula-plus.ilk
f:\files\github\formula-plus\src\debug\moc_qcustomplot.obj
f:\files\github\formula-plus\src\debug\qcustomplot.obj
f:\files\github\formula-plus\src\debug\formula-plus.vc.pdb
f:\files\github\formula-plus\src\debug\formula-plus.tlog\cl.command.1.tlog
f:\files\github\formula-plus\src\debug\formula-plus.tlog\cl.items.tlog
f:\files\github\formula-plus\src\debug\formula-plus.tlog\cl.read.1.tlog
f:\files\github\formula-plus\src\debug\formula-plus.tlog\cl.write.1.tlog
f:\files\github\formula-plus\src\debug\formula-plus.tlog\custombuild.command.1.tlog
f:\files\github\formula-plus\src\debug\formula-plus.tlog\custombuild.read.1.tlog
f:\files\github\formula-plus\src\debug\formula-plus.tlog\custombuild.write.1.tlog
f:\files\github\formula-plus\src\debug\formula-plus.tlog\formula-plus.write.1u.tlog
f:\files\github\formula-plus\src\debug\formula-plus.tlog\link.command.1.tlog
f:\files\github\formula-plus\src\debug\formula-plus.tlog\link.read.1.tlog
f:\files\github\formula-plus\src\debug\formula-plus.tlog\link.secondary.1.tlog
f:\files\github\formula-plus\src\debug\formula-plus.tlog\link.write.1.tlog
f:\files\github\formula-plus\src\debug\formula-plus.tlog\moc.read.1u.tlog
f:\files\github\formula-plus\src\debug\formula-plus.tlog\moc.write.1u.tlog
f:\files\github\formula-plus\src\debug\formula-plus.tlog\rcc.read.1u.tlog
f:\files\github\formula-plus\src\debug\formula-plus.tlog\rcc.write.1u.tlog
